============================================================
  Generated by:           Genus(TM) Synthesis Solution 21.14-s082_1
  Generated on:           Sep 30 2026  12:56:21 pm
  Module:                 mod10_counter_top
  Operating conditions:   slow (balanced_tree)
  Wireload mode:          enclosed
  Area mode:              timing library
============================================================

     Instance            Module        Cell Count  Cell Area  Net Area   Total Area   Wireload  
------------------------------------------------------------------------------------------------
mod10_counter_top                              38    871.517     0.000      871.517 <none> (D)  
  ASYNC_COUNTER   mod10_counter_async          19    462.370     0.000      462.370 <none> (D)  
    DFF0          dff_async_reset               2     76.507     0.000       76.507 <none> (D)  
    DFF1          dff_async_reset_23            2     76.507     0.000       76.507 <none> (D)  
    DFF2          dff_async_reset_22            2     76.507     0.000       76.507 <none> (D)  
    DFF3          dff_async_reset_21            2     76.507     0.000       76.507 <none> (D)  
    NEXT_LOGIC    mod10_next_state_10          11    156.341     0.000      156.341 <none> (D)  
  SYNC_COUNTER    mod10_counter_sync           19    409.147     0.000      409.147 <none> (D)  
    DFF0          dff_sync_reset                2     63.202     0.000       63.202 <none> (D)  
    DFF1          dff_sync_reset_26             2     63.202     0.000       63.202 <none> (D)  
    DFF2          dff_sync_reset_25             2     63.202     0.000       63.202 <none> (D)  
    DFF3          dff_sync_reset_24             2     63.202     0.000       63.202 <none> (D)  
    NEXT_LOGIC    mod10_next_state             11    156.341     0.000      156.341 <none> (D)  
  (D) = wireload is default in technology library
