============================================================
  Generated by:           Genus(TM) Synthesis Solution 21.14-s082_1
  Generated on:           Sep 30 2026  12:56:21 pm
  Module:                 mod10_counter_top
  Operating conditions:   slow (balanced_tree)
  Wireload mode:          enclosed
  Area mode:              timing library
============================================================

                              
   Gate    Instances   Area    Library  
----------------------------------------
AOI2BB2X1          2   46.570    tsmc18 
DFFRHQX1           4  279.418    tsmc18 
DFFTRX1            4  226.195    tsmc18 
INVXL             12   79.834    tsmc18 
NAND2X1            2   19.958    tsmc18 
NAND3BX1           2   33.264    tsmc18 
NOR2BXL            2   26.611    tsmc18 
NOR2X1             1    9.979    tsmc18 
NOR2XL             1    9.979    tsmc18 
NOR3XL             2   26.611    tsmc18 
OAI21XL            2   26.611    tsmc18 
OAI2BB1XL          2   33.264    tsmc18 
XOR2X1             2   53.222    tsmc18 
----------------------------------------
total             38  871.517           


                                        
     Type      Instances   Area  Area % 
----------------------------------------
sequential             8 505.613   58.0 
inverter              12  79.834    9.2 
logic                 18 286.070   32.8 
physical_cells         0   0.000    0.0 
----------------------------------------
total                 38 871.517  100.0 

