============================================================
  Generated by:           Genus(TM) Synthesis Solution 21.14-s082_1
  Generated on:           Sep 30 2026  12:56:21 pm
  Module:                 mod10_counter_top
  Operating conditions:   slow (balanced_tree)
  Wireload mode:          enclosed
  Area mode:              timing library
============================================================

 
  Hierarchy Report Format : 
 
    level instance ( module ) <status>
 
    status :    preserve_<value> -- indicating preserve hierachy or inherited_preserve value
           :    blackbox --  indicating  unresolved instance
 
==================================================================

 0 mod10_counter_top
  1 ASYNC_COUNTER ( mod10_counter_async ) 
     2 DFF0 ( dff_async_reset ) 
     2 DFF1 ( dff_async_reset_23 ) 
     2 DFF2 ( dff_async_reset_22 ) 
     2 DFF3 ( dff_async_reset_21 ) 
     2 NEXT_LOGIC ( mod10_next_state_10 ) 
  1 SYNC_COUNTER ( mod10_counter_sync ) 
     2 DFF0 ( dff_sync_reset ) 
     2 DFF1 ( dff_sync_reset_26 ) 
     2 DFF2 ( dff_sync_reset_25 ) 
     2 DFF3 ( dff_sync_reset_24 ) 
     2 NEXT_LOGIC ( mod10_next_state ) 
