============================================================
  Generated by:           Genus(TM) Synthesis Solution 21.14-s082_1
  Generated on:           Sep 30 2026  12:56:21 pm
  Module:                 mod10_counter_top
  Operating conditions:   slow (balanced_tree)
  Wireload mode:          enclosed
  Area mode:              timing library
============================================================


Path 1: MET (7556 ps) Setup Check with Pin SYNC_COUNTER/DFF3/q_reg/CK->RN
          Group: clk
     Startpoint: (R) reset_sync
          Clock: (R) clk
       Endpoint: (F) SYNC_COUNTER/DFF3/q_reg/RN
          Clock: (R) clk

                     Capture       Launch     
        Clock Edge:+   10000            0     
        Drv Adjust:+       0            0     
       Src Latency:+       0            0     
       Net Latency:+       0 (I)        0 (I) 
           Arrival:=   10000            0     
                                              
             Setup:-     413                  
       Uncertainty:-    1000                  
     Required Time:=    8587                  
      Launch Clock:-       0                  
       Input Delay:-    1000                  
         Data Path:-      32                  
             Slack:=    7556                  

Exceptions/Constraints:
  input_delay             1000            constraints_top.sdc_line_5 

#---------------------------------------------------------------------------------------------------
#       Timing Point         Flags   Arc   Edge   Cell     Fanout Load Trans Delay Arrival Instance 
#                                                                 (fF)  (ps)  (ps)   (ps)  Location 
#---------------------------------------------------------------------------------------------------
  reset_sync                 -       -     R     (arrival)      4 10.4     0     0    1000    (-,-) 
  SYNC_COUNTER/DFF3/g4/Y     -       A->Y  F     INVXL          1  1.8    31    32    1032    (-,-) 
  SYNC_COUNTER/DFF3/q_reg/RN -       -     F     DFFTRX1        1    -     -     0    1032    (-,-) 
#---------------------------------------------------------------------------------------------------

